// Jest Snapshot v1, https://goo.gl/fbAQLP

exports[`Mole:assertions:reportInputIssue should return correct issue report 1`] = `"undefined | Nil:(undefined)"`;

exports[`Mole:assertions:reportInputIssue should return correct issue report 2`] = `"2 | Number"`;

exports[`Mole:assertions:reportInputIssue should return correct issue report 3`] = `"{} | CustomClass"`;
